Archive member included to satisfy reference by file (symbol)

c:/program files (x86)/gnu arm embedded toolchain/9 2020-q2-update/bin/../lib/gcc/arm-none-eabi/9.3.1/../../../../arm-none-eabi/lib/thumb/v7e-m/nofp\libc.a(lib_a-exit.o)
                              c:/program files (x86)/gnu arm embedded toolchain/9 2020-q2-update/bin/../lib/gcc/arm-none-eabi/9.3.1/../../../../arm-none-eabi/lib/thumb/v7e-m/nofp/crt0.o (exit)
c:/program files (x86)/gnu arm embedded toolchain/9 2020-q2-update/bin/../lib/gcc/arm-none-eabi/9.3.1/../../../../arm-none-eabi/lib/thumb/v7e-m/nofp\libc.a(lib_a-impure.o)
                              c:/program files (x86)/gnu arm embedded toolchain/9 2020-q2-update/bin/../lib/gcc/arm-none-eabi/9.3.1/../../../../arm-none-eabi/lib/thumb/v7e-m/nofp\libc.a(lib_a-exit.o) (_global_impure_ptr)
c:/program files (x86)/gnu arm embedded toolchain/9 2020-q2-update/bin/../lib/gcc/arm-none-eabi/9.3.1/../../../../arm-none-eabi/lib/thumb/v7e-m/nofp\libc.a(lib_a-init.o)
                              c:/program files (x86)/gnu arm embedded toolchain/9 2020-q2-update/bin/../lib/gcc/arm-none-eabi/9.3.1/../../../../arm-none-eabi/lib/thumb/v7e-m/nofp/crt0.o (__libc_init_array)
c:/program files (x86)/gnu arm embedded toolchain/9 2020-q2-update/bin/../lib/gcc/arm-none-eabi/9.3.1/../../../../arm-none-eabi/lib/thumb/v7e-m/nofp\libc.a(lib_a-memset.o)
                              c:/program files (x86)/gnu arm embedded toolchain/9 2020-q2-update/bin/../lib/gcc/arm-none-eabi/9.3.1/../../../../arm-none-eabi/lib/thumb/v7e-m/nofp/crt0.o (memset)
c:/program files (x86)/gnu arm embedded toolchain/9 2020-q2-update/bin/../lib/gcc/arm-none-eabi/9.3.1/../../../../arm-none-eabi/lib/thumb/v7e-m/nofp\libc.a(lib_a-strcmp.o)
                              _build_Landungsbruecke/WLAN.o (strcmp)
c:/program files (x86)/gnu arm embedded toolchain/9 2020-q2-update/bin/../lib/gcc/arm-none-eabi/9.3.1/../../../../arm-none-eabi/lib/thumb/v7e-m/nofp\libc.a(lib_a-__call_atexit.o)
                              c:/program files (x86)/gnu arm embedded toolchain/9 2020-q2-update/bin/../lib/gcc/arm-none-eabi/9.3.1/../../../../arm-none-eabi/lib/thumb/v7e-m/nofp\libc.a(lib_a-exit.o) (__call_exitprocs)
c:/program files (x86)/gnu arm embedded toolchain/9 2020-q2-update/bin/../lib/gcc/arm-none-eabi/9.3.1/../../../../arm-none-eabi/lib/thumb/v7e-m/nofp\libc.a(lib_a-atexit.o)
                              c:/program files (x86)/gnu arm embedded toolchain/9 2020-q2-update/bin/../lib/gcc/arm-none-eabi/9.3.1/../../../../arm-none-eabi/lib/thumb/v7e-m/nofp\libc.a(lib_a-__call_atexit.o) (atexit)
c:/program files (x86)/gnu arm embedded toolchain/9 2020-q2-update/bin/../lib/gcc/arm-none-eabi/9.3.1/../../../../arm-none-eabi/lib/thumb/v7e-m/nofp\libc.a(lib_a-fini.o)
                              c:/program files (x86)/gnu arm embedded toolchain/9 2020-q2-update/bin/../lib/gcc/arm-none-eabi/9.3.1/../../../../arm-none-eabi/lib/thumb/v7e-m/nofp\libc.a(lib_a-__call_atexit.o) (__libc_fini_array)
c:/program files (x86)/gnu arm embedded toolchain/9 2020-q2-update/bin/../lib/gcc/arm-none-eabi/9.3.1/../../../../arm-none-eabi/lib/thumb/v7e-m/nofp\libc.a(lib_a-lock.o)
                              c:/program files (x86)/gnu arm embedded toolchain/9 2020-q2-update/bin/../lib/gcc/arm-none-eabi/9.3.1/../../../../arm-none-eabi/lib/thumb/v7e-m/nofp\libc.a(lib_a-__call_atexit.o) (__retarget_lock_acquire_recursive)
c:/program files (x86)/gnu arm embedded toolchain/9 2020-q2-update/bin/../lib/gcc/arm-none-eabi/9.3.1/../../../../arm-none-eabi/lib/thumb/v7e-m/nofp\libc.a(lib_a-__atexit.o)
                              c:/program files (x86)/gnu arm embedded toolchain/9 2020-q2-update/bin/../lib/gcc/arm-none-eabi/9.3.1/../../../../arm-none-eabi/lib/thumb/v7e-m/nofp\libc.a(lib_a-atexit.o) (__register_exitproc)
c:/program files (x86)/gnu arm embedded toolchain/9 2020-q2-update/bin/../lib/gcc/arm-none-eabi/9.3.1/thumb/v7e-m/nofp\libgcc.a(_arm_mulsf3.o)
                              _build_Landungsbruecke/TMC5031.o (__aeabi_fmul)
c:/program files (x86)/gnu arm embedded toolchain/9 2020-q2-update/bin/../lib/gcc/arm-none-eabi/9.3.1/thumb/v7e-m/nofp\libgcc.a(_arm_addsubsf3.o)
                              _build_Landungsbruecke/TMC5031.o (__aeabi_ui2f)
c:/program files (x86)/gnu arm embedded toolchain/9 2020-q2-update/bin/../lib/gcc/arm-none-eabi/9.3.1/thumb/v7e-m/nofp\libgcc.a(_arm_muldivsf3.o)
                              _build_Landungsbruecke/TMC5031.o (__aeabi_fdiv)
c:/program files (x86)/gnu arm embedded toolchain/9 2020-q2-update/bin/../lib/gcc/arm-none-eabi/9.3.1/thumb/v7e-m/nofp\libgcc.a(_arm_fixsfsi.o)
                              _build_Landungsbruecke/TMC5031.o (__aeabi_f2iz)
c:/program files (x86)/gnu arm embedded toolchain/9 2020-q2-update/bin/../lib/gcc/arm-none-eabi/9.3.1/thumb/v7e-m/nofp\libgcc.a(_arm_fixunssfsi.o)
                              _build_Landungsbruecke/TMC5072.o (__aeabi_f2uiz)
[...]
Memory Configuration

Name             Origin             Length             Attributes
m_interrupts     0x00008000         0x000001bc         xr
m_cfmprotrom     0x00008400         0x00000010         xr
m_text           0x00008410         0x00077bf0         xr
m_data           0x1fff0000         0x00020000         xrw
*default*        0x00000000         0xffffffff

Linker script and memory map

LOAD c:/program files (x86)/gnu arm embedded toolchain/9 2020-q2-update/bin/../lib/gcc/arm-none-eabi/9.3.1/thumb/v7e-m/nofp/crti.o
LOAD c:/program files (x86)/gnu arm embedded toolchain/9 2020-q2-update/bin/../lib/gcc/arm-none-eabi/9.3.1/thumb/v7e-m/nofp/crtbegin.o
LOAD c:/program files (x86)/gnu arm embedded toolchain/9 2020-q2-update/bin/../lib/gcc/arm-none-eabi/9.3.1/../../../../arm-none-eabi/lib/thumb/v7e-m/nofp/crt0.o
LOAD _build_Landungsbruecke/startup.o
LOAD _build_Landungsbruecke/SelfTest_Landungsbruecke.o
LOAD _build_Landungsbruecke/Board.o
LOAD _build_Landungsbruecke/TMCDriver.o
LOAD _build_Landungsbruecke/TMCMotionController.o
LOAD _build_Landungsbruecke/Rhino_standalone.o
LOAD _build_Landungsbruecke/TMC2041_eval.o
LOAD _build_Landungsbruecke/TMC2100_eval.o
LOAD _build_Landungsbruecke/TMC2130_eval.o
LOAD _build_Landungsbruecke/TMC2160_eval.o
LOAD _build_Landungsbruecke/TMC2208_eval.o
LOAD _build_Landungsbruecke/TMC2209_eval.o
LOAD _build_Landungsbruecke/TMC2224_eval.o
LOAD _build_Landungsbruecke/TMC2225_eval.o
LOAD _build_Landungsbruecke/TMC2590_eval.o
LOAD _build_Landungsbruecke/TMC2660_eval.o
LOAD _build_Landungsbruecke/TMC4330_eval.o
LOAD _build_Landungsbruecke/TMC4331_eval.o
LOAD _build_Landungsbruecke/TMC4361_eval.o
LOAD _build_Landungsbruecke/TMC4361A_eval.o
LOAD _build_Landungsbruecke/TMC4670_eval.o
LOAD _build_Landungsbruecke/TMC4671_eval.o
LOAD _build_Landungsbruecke/TMC5031_eval.o
LOAD _build_Landungsbruecke/TMC5041_eval.o
LOAD _build_Landungsbruecke/TMC5062_eval.o
LOAD _build_Landungsbruecke/TMC5072_eval.o
LOAD _build_Landungsbruecke/TMC5130_eval.o
LOAD _build_Landungsbruecke/TMC5160_eval.o
LOAD _build_Landungsbruecke/TMC5161_eval.o
LOAD _build_Landungsbruecke/TMC6100_eval.o
LOAD _build_Landungsbruecke/TMC6200_eval.o
LOAD _build_Landungsbruecke/TMC8461_eval.o
LOAD _build_Landungsbruecke/TMC8462_eval.o
LOAD _build_Landungsbruecke/TMCC160_eval.o
LOAD _build_Landungsbruecke/SysTick.o
LOAD _build_Landungsbruecke/IOs.o
LOAD _build_Landungsbruecke/IOMap.o
LOAD _build_Landungsbruecke/HAL.o
LOAD _build_Landungsbruecke/SPI.o
LOAD _build_Landungsbruecke/USB.o
LOAD _build_Landungsbruecke/ADCs.o
LOAD _build_Landungsbruecke/LEDs.o
LOAD _build_Landungsbruecke/RS232.o
LOAD _build_Landungsbruecke/WLAN.o
LOAD _build_Landungsbruecke/Timer.o
LOAD _build_Landungsbruecke/UART.o
LOAD _build_Landungsbruecke/RXTX.o
LOAD _build_Landungsbruecke/HelloWorld.o
LOAD _build_Landungsbruecke/TMCL.o
LOAD _build_Landungsbruecke/IdDetection_Landungsbruecke.o
LOAD _build_Landungsbruecke/EEPROM.o
LOAD _build_Landungsbruecke/BoardAssignment.o
LOAD _build_Landungsbruecke/VitalSignsMonitor.o
LOAD _build_Landungsbruecke/StepDir.o
LOAD _build_Landungsbruecke/Functions.o
LOAD _build_Landungsbruecke/CRC.o
LOAD _build_Landungsbruecke/LinearRamp.o
LOAD _build_Landungsbruecke/LinearRamp1.o
LOAD _build_Landungsbruecke/Ramp.o
LOAD _build_Landungsbruecke/TMC2041.o
LOAD _build_Landungsbruecke/TMC2130.o
LOAD _build_Landungsbruecke/TMC2160.o
LOAD _build_Landungsbruecke/TMC2208.o
LOAD _build_Landungsbruecke/TMC2209.o
LOAD _build_Landungsbruecke/TMC2224.o
LOAD _build_Landungsbruecke/TMC2225.o
LOAD _build_Landungsbruecke/TMC2590.o
LOAD _build_Landungsbruecke/TMC2660.o
LOAD _build_Landungsbruecke/TMC4330.o
LOAD _build_Landungsbruecke/TMC4331.o
LOAD _build_Landungsbruecke/TMC4361.o
LOAD _build_Landungsbruecke/TMC4361A.o
LOAD _build_Landungsbruecke/TMC4670.o
LOAD _build_Landungsbruecke/TMC4671.o
LOAD _build_Landungsbruecke/TMC5031.o
LOAD _build_Landungsbruecke/TMC5041.o
LOAD _build_Landungsbruecke/TMC5062.o
LOAD _build_Landungsbruecke/TMC5072.o
LOAD _build_Landungsbruecke/TMC5130.o
LOAD _build_Landungsbruecke/TMC5160.o
LOAD _build_Landungsbruecke/TMC5161.o
LOAD _build_Landungsbruecke/TMC6100.o
LOAD _build_Landungsbruecke/TMC6200.o
LOAD _build_Landungsbruecke/TMC8461.o
LOAD _build_Landungsbruecke/TMC8462.o
LOAD _build_Landungsbruecke/TMCC160.o
LOAD _build_Landungsbruecke/Cpu.o
LOAD _build_Landungsbruecke/kinetis_sysinit.o
LOAD _build_Landungsbruecke/nvic-m4.o
LOAD _build_Landungsbruecke/CDC1.o
LOAD _build_Landungsbruecke/CS1.o
LOAD _build_Landungsbruecke/Rx1.o
LOAD _build_Landungsbruecke/Tx1.o
LOAD _build_Landungsbruecke/usb_cdc.o
LOAD _build_Landungsbruecke/usb_cdc_pstn.o
LOAD _build_Landungsbruecke/usb_class.o
LOAD _build_Landungsbruecke/usb_dci_kinetis.o
LOAD _build_Landungsbruecke/usb_descriptor.o
LOAD _build_Landungsbruecke/usb_driver.o
LOAD _build_Landungsbruecke/usb_framework.o
LOAD _build_Landungsbruecke/USB0.o
LOAD _build_Landungsbruecke/USB1.o
LOAD _build_Landungsbruecke/wdt_kinetis.o
LOAD c:/program files (x86)/gnu arm embedded toolchain/9 2020-q2-update/bin/../lib/gcc/arm-none-eabi/9.3.1/../../../../arm-none-eabi/lib/thumb/v7e-m/nofp\libc.a
LOAD c:/program files (x86)/gnu arm embedded toolchain/9 2020-q2-update/bin/../lib/gcc/arm-none-eabi/9.3.1/../../../../arm-none-eabi/lib/thumb/v7e-m/nofp\libm.a
LOAD c:/program files (x86)/gnu arm embedded toolchain/9 2020-q2-update/bin/../lib/gcc/arm-none-eabi/9.3.1/../../../../arm-none-eabi/lib/thumb/v7e-m/nofp\libc.a
LOAD c:/program files (x86)/gnu arm embedded toolchain/9 2020-q2-update/bin/../lib/gcc/arm-none-eabi/9.3.1/thumb/v7e-m/nofp\libgcc.a
START GROUP
LOAD c:/program files (x86)/gnu arm embedded toolchain/9 2020-q2-update/bin/../lib/gcc/arm-none-eabi/9.3.1/thumb/v7e-m/nofp\libgcc.a
LOAD c:/program files (x86)/gnu arm embedded toolchain/9 2020-q2-update/bin/../lib/gcc/arm-none-eabi/9.3.1/../../../../arm-none-eabi/lib/thumb/v7e-m/nofp\libg.a
LOAD c:/program files (x86)/gnu arm embedded toolchain/9 2020-q2-update/bin/../lib/gcc/arm-none-eabi/9.3.1/../../../../arm-none-eabi/lib/thumb/v7e-m/nofp\libc.a
END GROUP
LOAD c:/program files (x86)/gnu arm embedded toolchain/9 2020-q2-update/bin/../lib/gcc/arm-none-eabi/9.3.1/thumb/v7e-m/nofp/crtend.o
LOAD c:/program files (x86)/gnu arm embedded toolchain/9 2020-q2-update/bin/../lib/gcc/arm-none-eabi/9.3.1/thumb/v7e-m/nofp/crtn.o
                0x20010000                _estack = 0x20010000
                0x20010000                __SP_INIT = _estack
                0x00000400                __heap_size = 0x400
                0x00000400                __stack_size = 0x400

.interrupts     0x00008000      0x1bc
                0x00008000                __vector_table = .
                0x00008000                . = ALIGN (0x4)
 *(.vectortable)
 .vectortable   0x00008000      0x1bc _build_Landungsbruecke/kinetis_sysinit.o
                0x00008000                InterruptVector
                0x000081bc                . = ALIGN (0x4)

.cfmprotect     0x00008400       0x10
                0x00008400                . = ALIGN (0x4)
 *(.cfmconfig)
 .cfmconfig     0x00008400       0x10 _build_Landungsbruecke/HelloWorld.o
                0x00008400                Protection
                0x00008410                . = ALIGN (0x4)

.text           0x00008420    0x22e48
                0x00008420                . = ALIGN (0x4)
 *(.text)
 .text          0x00008420       0x40 c:/program files (x86)/gnu arm embedded toolchain/9 2020-q2-update/bin/../lib/gcc/arm-none-eabi/9.3.1/thumb/v7e-m/nofp/crtbegin.o
 .text          0x00008460      0x61c _build_Landungsbruecke/SelfTest_Landungsbruecke.o
                0x00008970                SelfTest_init
 .text          0x00008a7c       0xa8 _build_Landungsbruecke/Board.o
                0x00008aa2                board_setDummyFunctions
                0x00008b20                periodicJobDummy
 .text          0x00008b24       0x34 _build_Landungsbruecke/TMCDriver.o
                0x00008b24                tmcdriver_init
 .text          0x00008b58       0x2c _build_Landungsbruecke/TMCMotionController.o
                0x00008b58                tmcmotioncontroller_init
 .text          0x00008b84      0x100 _build_Landungsbruecke/Rhino_standalone.o
 .text          0x00008c84      0xab8 _build_Landungsbruecke/TMC2041_eval.o
                0x00009550                tmc2041_readWriteArray
                0x00009564                TMC2041_init
 .text          0x0000973c      0x714 _build_Landungsbruecke/TMC2100_eval.o
                0x00009c44                TMC2100_init
 .text          0x00009e50      0xfcc _build_Landungsbruecke/TMC2130_eval.o
                0x0000abde                tmc2130_readWriteArray
                0x0000abfc                TMC2130_init
 .text          0x0000ae1c      0xfac _build_Landungsbruecke/TMC2160_eval.o
                0x0000bbc6                tmc2160_readWriteArray
                0x0000bbe4                TMC2160_init
 .text          0x0000bdc8      0x3f0 _build_Landungsbruecke/TMC2208_eval.o
                0x0000bdd8                tmc2208_writeRegister
                0x0000bde4                tmc2208_readRegister
                0x0000bffc                tmc2208_readWriteArray
                0x0000c00c                tmc2208_CRC8
                0x0000c012                TMC2208_init
 .text          0x0000c1b8      0xba8 _build_Landungsbruecke/TMC2209_eval.o
                0x0000c1c8                tmc2209_writeRegister
                0x0000c1d4                tmc2209_readRegister
                0x0000cb40                tmc2209_readWriteArray
                0x0000cb50                tmc2209_CRC8
                0x0000cb56                TMC2209_init
 .text          0x0000cd60      0x420 _build_Landungsbruecke/TMC2224_eval.o
                0x0000cd70                tmc2224_writeRegister
                0x0000cd94                tmc2224_readRegister
                0x0000cfe4                TMC2224_init
 .text          0x0000d180      0x960 _build_Landungsbruecke/TMC2225_eval.o
                0x0000d190                tmc2225_writeRegister
                0x0000d19c                tmc2225_readRegister
                0x0000d8f0                tmc2225_readWriteArray
                0x0000d900                tmc2225_CRC8
                0x0000d906                TMC2225_init
 .text          0x0000dae0      0xb40 _build_Landungsbruecke/TMC2590_eval.o
                0x0000e48a                tmc2590_readWriteArray
                0x0000e4a8                TMC2590_init
 .text          0x0000e620      0xd28 _build_Landungsbruecke/TMC2660_eval.o
                0x0000e7b4                readWrite
                0x0000e86e                readImmediately
                0x0000f104                tmc2660_writeInt
                0x0000f134                tmc2660_readInt
                0x0000f160                tmc2660_readWrite
                0x0000f1e4                TMC2660_init
 .text          0x0000f348      0xb28 _build_Landungsbruecke/TMC4330_eval.o
                0x0000fce8                tmc4330_readWriteArray
                0x0000fcfc                TMC4330_init
 .text          0x0000fe70      0x7f0 _build_Landungsbruecke/TMC4331_eval.o
                0x000104bc                tmc4331_readWriteArray
                0x000104d0                TMC4331_init
 .text          0x00010660      0xd44 _build_Landungsbruecke/TMC4361_eval.o
                0x00011200                tmc4361_readWriteArray
                0x00011214                TMC4361_init
 .text          0x000113a4      0xd68 _build_Landungsbruecke/TMC4361A_eval.o
                0x00011f68                tmc4361A_readWriteArray
                0x00011f7c                TMC4361A_init
 .text          0x0001210c     0x1364 _build_Landungsbruecke/TMC4670_eval.o
                0x0001335e                tmc4670_readwriteByte
                0x00013378                TMC4670_init
 .text          0x00013470      0x6bc _build_Landungsbruecke/TMC4671_eval.o
                0x00013994                tmc4671_readwriteByte
                0x000139ac                TMC4671_init
 .text          0x00013b2c     0x1164 _build_Landungsbruecke/TMC5031_eval.o
                0x00013c9c                tmc5031_writeDatagram
                0x00013d10                tmc5031_writeInt
                0x00013df2                tmc5031_readInt
                0x00014b30                TMC5031_init
 .text          0x00014c90      0xedc _build_Landungsbruecke/TMC5041_eval.o
                0x00015a3e                tmc5041_readWriteArray
                0x00015a50                TMC5041_init
 .text          0x00015b6c     0x1050 _build_Landungsbruecke/TMC5062_eval.o
                0x000169a4                tmc5062_readWrite
                0x000169c0                TMC5062_init
 .text          0x00016bbc     0x1074 _build_Landungsbruecke/TMC5072_eval.o
                0x00017a94                tmc5072_readWriteArray
                0x00017aa8                TMC5072_init
 .text          0x00017c30     0x1290 _build_Landungsbruecke/TMC5130_eval.o
                0x00018cbc                tmc5130_readWriteArray
                0x00018cd0                TMC5130_init
 .text          0x00018ec0     0x1478 _build_Landungsbruecke/TMC5160_eval.o
                0x0001937a                tmc5160_writeDatagram
                0x00019468                tmc5160_writeInt
                0x0001a17a                tmc5160_readInt
                0x0001a190                TMC5160_init
 .text          0x0001a338     0x1214 _build_Landungsbruecke/TMC5161_eval.o
                0x0001b370                tmc5161_readWriteArray
                0x0001b384                TMC5161_init
 .text          0x0001b54c      0x1ac _build_Landungsbruecke/TMC6100_eval.o
                0x0001b5e6                tmc6100_readwriteByte
                0x0001b600                TMC6100_init
 .text          0x0001b6f8      0x1ac _build_Landungsbruecke/TMC6200_eval.o
                0x0001b792                tmc6200_readwriteByte
                0x0001b7ac                TMC6200_init
 .text          0x0001b8a4      0x360 _build_Landungsbruecke/TMC8461_eval.o
                0x0001ba9c                tmc8461_readWrite
                0x0001bac0                TMC8461_init_ch2
                0x0001bb64                TMC8461_init_ch1
 .text          0x0001bc04      0x368 _build_Landungsbruecke/TMC8462_eval.o
                0x0001be04                tmc8462_readWrite
                0x0001be28                TMC8462_init_ch2
                0x0001becc                TMC8462_init_ch1
 .text          0x0001bf6c      0x394 _build_Landungsbruecke/TMCC160_eval.o
                0x0001c090                tmcc160_spi_readwriteByte
                0x0001c094                tmcc160_writeDatagram
                0x0001c1f8                TMCC160_init
 .text          0x0001c300       0x68 _build_Landungsbruecke/SysTick.o
                0x0001c300                SysTick_Handler
                0x0001c320                systick_init
                0x0001c334                systick_getTick
                0x0001c340                wait
                0x0001c354                timeSince
 .text          0x0001c368      0x1dc _build_Landungsbruecke/IOs.o
 .text          0x0001c544      0x2d0 _build_Landungsbruecke/IOMap.o
 .text          0x0001c814      0x164 _build_Landungsbruecke/HAL.o
                0x0001c970                _exit
                0x0001c972                _kill
                0x0001c974                _getpid
 .text          0x0001c978      0x46c _build_Landungsbruecke/SPI.o
                0x0001c9ac                init
                0x0001cb8c                reset_ch1
                0x0001cbd4                reset_ch2
                0x0001cd1c                spi_readInt
                0x0001cd5a                spi_ch1_readInt
                0x0001cd68                spi_ch2_readInt
                0x0001cd78                spi_writeInt
                0x0001cdb2                spi_ch1_writeInt
                0x0001cdc4                spi_ch2_writeInt
                0x0001cdd4                spi_ch1_readWriteByte
 .text          0x0001cde4       0xc0 _build_Landungsbruecke/USB.o
 .text          0x0001cea4      0x2c8 _build_Landungsbruecke/ADCs.o
 .text          0x0001d16c       0xe8 _build_Landungsbruecke/LEDs.o
 .text          0x0001d254      0x210 _build_Landungsbruecke/RS232.o
                0x0001d3f0                UART4_RX_TX_IRQHandler
 .text          0x0001d464      0x3a4 _build_Landungsbruecke/WLAN.o
                0x0001d614                UART0_RX_TX_IRQHandler_WLAN
                0x0001d690                enableWLANCommandMode
                0x0001d6c4                checkCmdModeEnabled
                0x0001d718                checkReadyToSend
                0x0001d760                handleWLANCommand
                0x0001d7dc                getCMDReply
 .text          0x0001d808      0x120 _build_Landungsbruecke/Timer.o
 .text          0x0001d928      0x4c8 _build_Landungsbruecke/UART.o
                0x0001dbb8                UART0_RX_TX_IRQHandler_UART
                0x0001dc3c                UART2_RX_TX_IRQHandler
                0x0001dcc0                UART_readWrite
                0x0001dd08                UART_readInt
                0x0001dd96                UART_writeInt
 .text          0x0001ddf0       0x14 _build_Landungsbruecke/RXTX.o
                0x0001ddf0                UART0_RX_TX_IRQHandler
 .text          0x0001de04      0x234 _build_Landungsbruecke/HelloWorld.o
                0x0001de04                shallForceBoot
                0x0001de98                init_reg
 .text          0x0001e038      0x988 _build_Landungsbruecke/TMCL.o
                0x0001e068                setTMCLStatus
                0x0001e0ac                tmcl_init
                0x0001e104                tx
                0x0001e16c                rx
                0x0001e1c8                tmcl_boot
                0x0001e24c                ExecuteActualCommand
                0x0001e948                tmcl_process
 .text          0x0001e9c0      0x4dc _build_Landungsbruecke/IdDetection_Landungsbruecke.o
                0x0001eb6c                PORTB_IRQHandler
                0x0001ebd8                FTM2_IRQHandler
                0x0001ec30                IDDetection_init
                0x0001ecdc                IDDetection_deInit
                0x0001ed10                IDDetection_detect
                0x0001ee84                IDDetection_initialScan
 .text          0x0001ee9c      0x40c _build_Landungsbruecke/EEPROM.o
                0x0001ee9c                eeprom_write_byte
                0x0001ef5c                eeprom_write_array
                0x0001f0a0                eeprom_read_byte
                0x0001f100                eeprom_read_array
                0x0001f184                eeprom_init
                0x0001f204                eeprom_check
 .text          0x0001f2a8      0x208 _build_Landungsbruecke/BoardAssignment.o
                0x0001f2a8                Board_assign
                0x0001f43c                Board_supported
                0x0001f490                periodicJob
                0x0001f492                deInit
 .text          0x0001f4b0      0x244 _build_Landungsbruecke/VitalSignsMonitor.o
                0x0001f4b0                heartBeat
                0x0001f4e8                checkVM
                0x0001f5e4                vitalsignsmonitor_checkVitalSigns
                0x0001f6e4                vitalsignsmonitor_clearOvervoltageErrors
 .text          0x0001f6f4      0x6fc _build_Landungsbruecke/StepDir.o
                0x0001f728                StepDir_rotate
                0x0001f774                StepDir_moveTo
                0x0001f7a4                StepDir_periodicJob
                0x0001f7e4                StepDir_stop
                0x0001f830                StepDir_getStatus
                0x0001f880                StepDir_setPins
                0x0001f8ec                StepDir_stallGuard
                0x0001f90c                FTM1_IRQHandler
                0x0001f9b8                StepDir_setActualPosition
                0x0001f9f0                StepDir_setVelocityMax
                0x0001fa0c                StepDir_setStallGuardThreshold
                0x0001fa28                StepDir_setMode
                0x0001fa48                StepDir_setFrequency
                0x0001fa5c                StepDir_setPrecision
                0x0001fa78                StepDir_getActualPosition
                0x0001fa98                StepDir_getTargetPosition
                0x0001fab8                StepDir_getActualVelocity
                0x0001fad8                StepDir_getTargetVelocity
                0x0001faf8                StepDir_getAcceleration
                0x0001fb18                StepDir_getVelocityMax
                0x0001fb38                StepDir_getStallGuardThreshold
                0x0001fb54                StepDir_getMode
                0x0001fb70                StepDir_getFrequency
                0x0001fb8c                StepDir_getPrecision
                0x0001fba8                StepDir_getMaxAcceleration
                0x0001fbd4                StepDir_init
                0x0001fcc4                StepDir_deInit
                0x0001fd08                calculateStepDifference
                0x0001fd54                StepDir_setAcceleration
 .text          0x0001fdf0      0x14c _build_Landungsbruecke/Functions.o
                0x0001fdf0                tmc_limitInt
                0x0001fe02                tmc_limitS64
                0x0001fe28                tmc_sqrti
                0x0001ff04                tmc_filterPT1
 .text          0x0001ff3c      0x178 _build_Landungsbruecke/CRC.o
                0x0001ff68                tmc_fillCRC8Table
                0x0002001c                tmc_CRC8
                0x0002007c                tmc_tableGetPolynomial
                0x00020098                tmc_tableIsReflected
 .text          0x000200b4      0x188 _build_Landungsbruecke/LinearRamp.o
                0x000200b4                tmc_linearRamp_init
                0x000200d0                tmc_linearRamp_computeRampVelocity
                0x00020134                tmc_linearRamp_computeRampPosition
 .text          0x0002023c      0x1e8 _build_Landungsbruecke/LinearRamp1.o
                0x0002023c                tmc_ramp_linear_init
                0x00020262                tmc_ramp_linear_set_enabled
                0x00020266                tmc_ramp_linear_set_maxVelocity
                0x0002026a                tmc_ramp_linear_set_targetPosition
                0x0002026e                tmc_ramp_linear_set_rampPosition
                0x00020272                tmc_ramp_linear_set_targetVelocity
                0x00020276                tmc_ramp_linear_set_rampVelocity
                0x0002027a                tmc_ramp_linear_set_acceleration
                0x0002027e                tmc_ramp_linear_set_mode
                0x00020284                tmc_ramp_linear_set_precision
                0x00020288                tmc_ramp_linear_set_homingDistance
                0x0002028c                tmc_ramp_linear_set_stopVelocity
                0x00020290                tmc_ramp_linear_get_enabled
                0x00020294                tmc_ramp_linear_get_maxVelocity
                0x00020298                tmc_ramp_linear_get_targetPosition
                0x0002029c                tmc_ramp_linear_get_rampPosition
                0x000202a0                tmc_ramp_linear_get_targetVelocity
                0x000202a4                tmc_ramp_linear_get_rampVelocity
                0x000202a8                tmc_ramp_linear_get_acceleration
                0x000202ac                tmc_ramp_linear_get_state
                0x000202b2                tmc_ramp_linear_get_mode
                0x000202b8                tmc_ramp_linear_get_precision
                0x000202bc                tmc_ramp_linear_get_acceleration_limit
                0x000202ca                tmc_ramp_linear_get_velocity_limit
                0x000202ce                tmc_ramp_linear_get_homingDistance
                0x000202d2                tmc_ramp_linear_get_stopVelocity
                0x000202d6                tmc_ramp_linear_compute_velocity
                0x0002035a                tmc_ramp_linear_compute_position
                0x00020416                tmc_ramp_linear_compute
 .text          0x00020424      0x1e0 _build_Landungsbruecke/TMC2041.o
                0x00020424                tmc2041_writeDatagram
                0x0002048a                tmc2041_writeInt
                0x000204a6                tmc2041_readInt
                0x000204ee                tmc2041_init
                0x00020528                tmc2041_reset
                0x0002054e                tmc2041_restore
                0x00020560                tmc2041_setRegisterResetState
                0x00020576                tmc2041_setCallback
                0x0002057e                tmc2041_periodicJob
 .text          0x00020604      0x24c _build_Landungsbruecke/TMC2130.o
                0x00020604                tmc2130_writeDatagram
                0x0002066a                tmc2130_writeInt
                0x00020686                tmc2130_readInt
                0x000206e0                tmc2130_init
                0x00020718                tmc2130_fillShadowRegisters
                0x0002076c                tmc2130_reset
                0x0002079a                tmc2130_restore
                0x000207ac                tmc2130_setRegisterResetState
                0x000207c2                tmc2130_setCallback
                0x000207ca                tmc2130_periodicJob
 .text          0x00020850      0x228 _build_Landungsbruecke/TMC2160.o
                0x00020850                tmc2160_writeDatagram
                0x000208b6                tmc2160_writeInt
                0x000208d2                tmc2160_readInt
                0x0002091a                tmc2160_init
                0x00020954                tmc2160_fillShadowRegisters
                0x0002099c                tmc2160_reset
                0x000209c2                tmc2160_restore
                0x000209d4                tmc2160_setRegisterResetState
                0x000209ea                tmc2160_setCallback
                0x000209f2                tmc2160_periodicJob
 .text          0x00020a78      0x204 _build_Landungsbruecke/TMC2208.o
                0x00020a78                tmc2208_writeInt
                0x00020ade                tmc2208_readInt
                0x00020b5c                tmc2208_init
                0x00020b94                tmc2208_periodicJob
                0x00020c18                tmc2208_setRegisterResetState
                0x00020c2e                tmc2208_setCallback
                0x00020c36                tmc2208_reset
                0x00020c64                tmc2208_restore
                0x00020c76                tmc2208_get_slave
 .text          0x00020c7c      0x224 _build_Landungsbruecke/TMC2209.o
                0x00020c7c                tmc2209_writeInt
                0x00020cea                tmc2209_readInt
                0x00020d70                tmc2209_init
                0x00020db0                tmc2209_periodicJob
                0x00020e34                tmc2209_setRegisterResetState
                0x00020e4a                tmc2209_setCallback
                0x00020e52                tmc2209_reset
                0x00020e80                tmc2209_restore
                0x00020e92                tmc2209_get_slave
                0x00020e98                tmc2209_set_slave
 .text          0x00020ea0       0xc8 _build_Landungsbruecke/TMC2224.o
                0x00020ea0                tmc2224_initConfig
                0x00020edc                tmc2224_writeConfiguration
                0x00020f1e                tmc2224_periodicJob
                0x00020f3c                tmc2224_reset
                0x00020f4c                tmc2224_restore
                0x00020f5c                tmc2224_get_slave
                0x00020f62                tmc2224_set_slave
 .text          0x00020f68      0x20c _build_Landungsbruecke/TMC2225.o
                0x00020f68                tmc2225_writeInt
                0x00020fce                tmc2225_readInt
                0x0002104c                tmc2225_init
                0x00021084                tmc2225_periodicJob
                0x00021108                tmc2225_setRegisterResetState
                0x0002111e                tmc2225_setCallback
                0x00021126                tmc2225_reset
                0x00021154                tmc2225_restore
                0x00021166                tmc2225_set_slave
                0x0002116c                tmc2225_get_slave
 .text          0x00021174      0x24c _build_Landungsbruecke/TMC2590.o
                0x000211e0                tmc2590_writeInt
                0x00021204                tmc2590_readInt
                0x0002124e                tmc2590_init
                0x00021298                tmc2590_periodicJob
                0x00021344                tmc2590_reset
                0x0002137c                tmc2590_restore
 .text          0x000213c0      0x164 _build_Landungsbruecke/TMC2660.o
                0x000213c0                tmc2660_initConfig
                0x00021404                tmc2660_writeConfiguration
                0x00021406                tmc2660_periodicJob
                0x000214b0                tmc2660_reset
                0x000214ea                tmc2660_restore
 .text          0x00021524      0x440 _build_Landungsbruecke/TMC4330.o
                0x00021524                tmc4330_writeDatagram
                0x00021592                tmc4330_writeInt
                0x000215ae                tmc4330_readInt
                0x000215fe                tmc4330_init
                0x00021640                tmc4330_reset
                0x00021666                tmc4330_restore
                0x00021678                tmc4330_setRegisterResetState
                0x0002168e                tmc4330_setCallback
                0x00021696                tmc4330_discardVelocityDecimals
                0x000216bc                tmc4330_rotate
                0x000216e8                tmc4330_right
                0x000216ec                tmc4330_left
                0x000216f2                tmc4330_stop
                0x000216f8                tmc4330_moveTo
                0x00021730                tmc4330_moveBy
                0x00021750                tmc4330_calibrateClosedLoop
                0x000218cc                tmc4330_periodicJob
 .text          0x00021964      0x378 _build_Landungsbruecke/TMC4331.o
                0x00021964                tmc4331_writeDatagram
                0x000219d2                tmc4331_writeInt
                0x000219ee                tmc4331_readInt
                0x00021a3e                tmc4331_readWriteCover
                0x00021afc                tmc4331_init
                0x00021b3c                tmc4331_reset
                0x00021b62                tmc4331_restore
                0x00021b74                tmc4331_setRegisterResetState
                0x00021b8a                tmc4331_setCallback
                0x00021b92                tmc4331_periodicJob
                0x00021c22                tmc4331_discardVelocityDecimals
                0x00021c48                tmc4331_rotate
                0x00021c74                tmc4331_right
                0x00021c78                tmc4331_left
                0x00021c7e                tmc4331_stop
                0x00021c84                tmc4331_moveTo
                0x00021cbc                tmc4331_moveBy
 .text          0x00021cdc      0x500 _build_Landungsbruecke/TMC4361.o
                0x00021cdc                tmc4361_writeDatagram
                0x00021d4a                tmc4361_writeInt
                0x00021d66                tmc4361_readInt
                0x00021db6                tmc4361_readWriteCover
                0x00021e74                tmc4361_init
                0x00021eb8                tmc4361_reset
                0x00021ede                tmc4361_restore
                0x00021ef0                tmc4361_setRegisterResetState
                0x00021f06                tmc4361_setCallback
                0x00021f0e                tmc4361_discardVelocityDecimals
                0x00021f34                tmc4361_rotate
                0x00021f60                tmc4361_right
                0x00021f64                tmc4361_left
                0x00021f6a                tmc4361_stop
                0x00021f70                tmc4361_moveTo
                0x00021fa8                tmc4361_moveBy
                0x00021fc8                tmc4361_calibrateClosedLoop
                0x00022144                tmc4361_periodicJob
 .text          0x000221dc      0x54c _build_Landungsbruecke/TMC4361A.o
                0x000221dc                tmc4361A_writeDatagram
                0x0002224a                tmc4361A_writeInt
                0x00022266                tmc4361A_readInt
                0x000222b6                tmc4361A_readWriteCover
                0x00022374                tmc4361A_init
                0x000223b4                tmc4361A_fillShadowRegisters
                0x00022404                tmc4361A_reset
                0x0002242a                tmc4361A_restore
                0x0002243c                tmc4361A_setRegisterResetState
                0x00022452                tmc4361A_setCallback
                0x0002245a                tmc4361A_discardVelocityDecimals
                0x00022480                tmc4361A_rotate
                0x000224ac                tmc4361A_right
                0x000224b0                tmc4361A_left
                0x000224b6                tmc4361A_stop
                0x000224bc                tmc4361A_moveTo
                0x000224f4                tmc4361A_moveBy
                0x00022514                tmc4361A_calibrateClosedLoop
                0x00022690                tmc4361A_periodicJob
 .text          0x00022728      0x48c _build_Landungsbruecke/TMC4670.o
                0x00022728                tmc4670_readInt
                0x0002276c                tmc4670_writeInt
                0x000227ac                tmc4670_readRegister16BitValue
                0x000227c6                tmc4670_writeRegister16BitValue
                0x000227f4                tmc4670_switchToMotionMode
                0x00022814                tmc4670_setTargetTorque_raw
                0x00022830                tmc4670_getTargetTorque_raw
                0x00022848                tmc4670_getActualTorque_raw
                0x00022854                tmc4670_getActualRampTorque_raw
                0x00022858                tmc4670_setTargetTorque_mA
                0x0002287c                tmc4670_getTargetTorque_mA
                0x0002288e                tmc4670_getActualTorque_mA
                0x000228a0                tmc4670_getActualRampTorque_mA
                0x000228a4                tmc4670_setTargetFlux_raw
                0x000228ae                tmc4670_getTargetFlux_raw
                0x000228c6                tmc4670_getActualFlux_raw
                0x000228d2                tmc4670_setTargetFlux_mA
                0x000228e2                tmc4670_getTargetFlux_mA
                0x000228f4                tmc4670_getActualFlux_mA
                0x00022906                tmc4670_setTorqueFluxLimit_mA
                0x00022916                tmc4670_getTorqueFluxLimit_mA
                0x00022928                tmc4670_setTargetVelocity
                0x00022942                tmc4670_getTargetVelocity
                0x0002295a                tmc4670_getActualVelocity
                0x00022960                tmc4670_getActualRampVelocity
                0x00022964                tmc4670_setAbsolutTargetPosition
                0x0002297e                tmc4670_setRelativeTargetPosition
                0x000229a0                tmc4670_getTargetPosition
                0x000229a6                tmc4670_setActualPosition
                0x000229ae                tmc4670_getActualPosition
                0x000229b4                tmc4670_getActualRampPosition
                0x000229b8                tmc4670_doEncoderInitializationMode0
                0x00022a78                tmc4670_getS16CircleDifference
                0x00022a7e                tmc4670_doEncoderInitializationMode2
                0x00022b38                tmc4670_checkEncderInitialization
                0x00022b84                tmc4670_periodicJob
                0x00022b98                tmc4670_startEncoderInitialization
                0x00022bac                tmc4670_disablePWM
 .text          0x00022bb4      0x658 _build_Landungsbruecke/TMC4671.o
                0x00022bb4                tmc4671_readInt
                0x00022bf8                tmc4671_writeInt
                0x00022c38                tmc4671_readRegister16BitValue
                0x00022c52                tmc4671_writeRegister16BitValue
                0x00022c80                tmc4671_switchToMotionMode
                0x00022ca0                tmc4671_setTargetTorque_raw
                0x00022cbc                tmc4671_getTargetTorque_raw
                0x00022cea                tmc4671_getActualTorque_raw
                0x00022cf6                tmc4671_getActualRampTorque_raw
                0x00022cfa                tmc4671_setTargetTorque_mA
                0x00022d1e                tmc4671_getTargetTorque_mA
                0x00022d30                tmc4671_getActualTorque_mA
                0x00022d42                tmc4671_getTargetTorqueFluxSum_mA
                0x00022d92                tmc4671_getActualTorqueFluxSum_mA
                0x00022dac                tmc4671_getActualRampTorque_mA
                0x00022db0                tmc4671_setTargetFlux_raw
                0x00022dba                tmc4671_getTargetFlux_raw
                0x00022de8                tmc4671_getActualFlux_raw
                0x00022df4                tmc4671_setTargetFlux_mA
                0x00022e04                tmc4671_getTargetFlux_mA
                0x00022e16                tmc4671_getActualFlux_mA
                0x00022e28                tmc4671_setTorqueFluxLimit_mA
                0x00022e38                tmc4671_getTorqueFluxLimit_mA
                0x00022e4a                tmc4671_setTargetVelocity
                0x00022e64                tmc4671_getTargetVelocity
                0x00022e6a                tmc4671_getActualVelocity
                0x00022e70                tmc4671_getActualRampVelocity
                0x00022e74                tmc4671_setAbsolutTargetPosition
                0x00022e8e                tmc4671_setRelativeTargetPosition
                0x00022eb0                tmc4671_getTargetPosition
                0x00022eb6                tmc4671_setActualPosition
                0x00022ebe                tmc4671_getActualPosition
                0x00022ec4                tmc4671_getActualRampPosition
                0x00022ec8                tmc4671_doEncoderInitializationMode0
                0x00022f88                tmc4671_getS16CircleDifference
                0x00022f8e                tmc4671_doEncoderInitializationMode2
                0x00023048                tmc4671_checkEncderInitialization
                0x00023094                tmc4671_periodicJob
                0x000230a8                tmc4671_startEncoderInitialization
                0x000230bc                tmc4671_updatePhiSelectionAndInitialize
                0x000230e4                tmc4671_disablePWM
                0x000230ec                tmc4671_getMotorType
                0x000230fa                tmc4671_setMotorType
                0x0002311a                tmc4671_getPolePairs
                0x00023126                tmc4671_setPolePairs
                0x00023144                tmc4671_getAdcI0Offset
                0x00023150                tmc4671_setAdcI0Offset
                0x0002316e                tmc4671_getAdcI1Offset
                0x0002317a                tmc4671_setAdcI1Offset
                0x00023198                tmc4671_setTorqueFluxPI
                0x000231b6                tmc4671_setVelocityPI
                0x000231c0                tmc4671_setPositionPI
                0x000231ca                tmc4671_readFieldWithDependency
 .text          0x0002320c      0x154 _build_Landungsbruecke/TMC5031.o
                0x0002320c                tmc5031_initConfig
                0x0002324c                tmc5031_writeConfiguration
                0x0002328e                tmc5031_periodicJob
                0x00023340                tmc5031_reset
                0x0002334e                tmc5031_restore
 .text          0x00023360      0x20c _build_Landungsbruecke/TMC5041.o
                0x00023360                tmc5041_writeDatagram
                0x000233c6                tmc5041_writeInt
                0x000233e2                tmc5041_readInt
                0x0002343c                tmc5041_init
                0x00023484                tmc5041_periodicJob
                0x00023548                tmc5041_reset
                0x00023558                tmc5041_restore
 .text          0x0002356c      0x628 _build_Landungsbruecke/TMC5062.o
                0x000235bc                tmc5062_writeInt
                0x000235c4                tmc5062_readInt
                0x0002365c                tmc5062_init
                0x000236b0                tmc5062_fillShadowRegisters
                0x000236f8                tmc5062_setRegisterResetState
                0x0002370e                tmc5062_setCallback
                0x00023716                tmc5062_reset
                0x00023744                tmc5062_restore
                0x00023756                tmc5062_rotate
                0x00023796                tmc5062_right
                0x0002379a                tmc5062_left
                0x000237a0                tmc5062_stop
                0x000237a6                tmc5062_moveTo
                0x000237ec                tmc5062_moveBy
                0x0002381e                calculateTOFF
                0x00023838                dcStepActive
                0x00023888                tmc5062_periodicJob
                0x000239c4                setMicroStepTable
                0x00023ace                setEncoderFactor
 .text          0x00023b94      0x374 _build_Landungsbruecke/TMC5072.o
                0x00023b94                tmc5072_writeDatagram
                0x00023bfa                tmc5072_writeInt
                0x00023c16                tmc5072_readInt
                0x00023c70                tmc5072_init
                0x00023cb4                tmc5072_fillShadowRegisters
                0x00023cfc                tmc5072_periodicJob
                0x00023df4                tmc5072_reset
                0x00023e22                tmc5072_restore
                0x00023e34                tmc5072_setRegisterResetState
                0x00023e4a                tmc5072_setCallback
                0x00023e52                tmc5072_rotate
                0x00023e8e                tmc5072_right
                0x00023e92                tmc5072_left
                0x00023e98                tmc5072_stop
                0x00023e9e                tmc5072_moveTo
                0x00023eda                tmc5072_moveBy
 .text          0x00023f08      0x31c _build_Landungsbruecke/TMC5130.o
                0x00023f08                tmc5130_writeDatagram
                0x00023f6e                tmc5130_writeInt
                0x00023f8a                tmc5130_readInt
                0x00023fe4                tmc5130_init
                0x00024024                tmc5130_fillShadowRegisters
                0x00024078                tmc5130_reset
                0x000240a6                tmc5130_restore
                0x000240b8                tmc5130_setRegisterResetState
                0x000240ce                tmc5130_setCallback
                0x000240d6                tmc5130_periodicJob
                0x000241a0                tmc5130_rotate
                0x000241ca                tmc5130_right
                0x000241ce                tmc5130_left
                0x000241d4                tmc5130_stop
                0x000241da                tmc5130_moveTo
                0x00024202                tmc5130_moveBy
 .text          0x00024224       0xfc _build_Landungsbruecke/TMC5160.o
                0x00024224                tmc5160_initConfig
                0x0002425c                tmc5160_writeConfiguration
                0x0002429e                tmc5160_periodicJob
                0x00024300                tmc5160_reset
                0x00024310                tmc5160_restore
 .text          0x00024320      0x2b0 _build_Landungsbruecke/TMC5161.o
                0x00024320                tmc5161_writeDatagram
                0x00024386                tmc5161_writeInt
                0x000243a2                tmc5161_readInt
                0x000243ea                tmc5161_init
                0x0002442c                tmc5161_periodicJob
                0x000244f8                tmc5161_reset
                0x0002451e                tmc5161_restore
                0x00024530                tmc5161_setRegisterResetState
                0x00024546                tmc5161_setCallback
                0x0002454e                tmc5161_rotate
                0x00024578                tmc5161_right
                0x0002457c                tmc5161_left
                0x00024582                tmc5161_stop
                0x00024588                tmc5161_moveTo
                0x000245b0                tmc5161_moveBy
 .text          0x000245d0       0x84 _build_Landungsbruecke/TMC6100.o
                0x000245d0                tmc6100_readInt
                0x00024614                tmc6100_writeInt
 .text          0x00024654       0x84 _build_Landungsbruecke/TMC6200.o
                0x00024654                tmc6200_readInt
                0x00024698                tmc6200_writeInt
 .text          0x000246d8      0x3ae _build_Landungsbruecke/TMC8461.o
                0x000246d8                tmc8461_esc_read
                0x0002472c                tmc8461_esc_write
                0x00024772                tmc8461_mfc_read
                0x000247c6                tmc8461_mfc_write
                0x0002480c                tmc8461_esc_read_data
                0x00024846                tmc8461_esc_read_8
                0x00024864                tmc8461_esc_read_16
                0x00024882                tmc8461_esc_read_32
                0x00024898                tmc8461_esc_write_data
                0x000248ce                tmc8461_esc_write_8
                0x000248e6                tmc8461_esc_write_16
                0x000248fc                tmc8461_esc_write_32
                0x00024912                tmc8461_mfc_read_data
                0x0002494c                tmc8461_mfc_read_32
                0x00024964                tmc8461_mfc_read_64
                0x0002497e                tmc8461_mfc_read_auto
                0x000249a6                tmc8461_mfc_write_data
                0x000249dc                tmc8461_mfc_write_32
                0x000249f2                tmc8461_mfc_write_64
                0x00024a1c                tmc8461_mfc_write_auto
                0x00024a44                tmc8461_initConfig
 .text          0x00024a86      0x3ae _build_Landungsbruecke/TMC8462.o
                0x00024a86                tmc8462_esc_read
                0x00024ada                tmc8462_esc_write
                0x00024b20                tmc8462_mfc_read
                0x00024b74                tmc8462_mfc_write
                0x00024bba                tmc8462_esc_read_data
                0x00024bf4                tmc8462_esc_read_8
                0x00024c12                tmc8462_esc_read_16
                0x00024c30                tmc8462_esc_read_32
                0x00024c46                tmc8462_esc_write_data
                0x00024c7c                tmc8462_esc_write_8
                0x00024c94                tmc8462_esc_write_16
                0x00024caa                tmc8462_esc_write_32
                0x00024cc0                tmc8462_mfc_read_data
                0x00024cfa                tmc8462_mfc_read_32
                0x00024d12                tmc8462_mfc_read_64
                0x00024d2c                tmc8462_mfc_read_auto
                0x00024d54                tmc8462_mfc_write_data
                0x00024d8a                tmc8462_mfc_write_32
                0x00024da0                tmc8462_mfc_write_64
                0x00024dca                tmc8462_mfc_write_auto
                0x00024df2                tmc8462_initConfig
 .text          0x00024e34      0x11e _build_Landungsbruecke/TMCC160.o
                0x00024e34                tmcc160_init
                0x00024e36                tmcc160_periodicJob
                0x00024e38                tmcc160_delay
                0x00024e42                tmcc160_default_spi_delay
                0x00024e4a                tmcc160_writeInt
                0x00024e80                tmcc160_readInt
                0x00024ee8                tmcc160_setTargetTorque_raw
                0x00024ef0                tmcc160_getTargetTorque_raw
                0x00024ef6                tmcc160_getActualTorque_raw
                0x00024efc                tmcc160_getActualRampTorque_raw
                0x00024f00                tmcc160_setTargetTorque_mA
                0x00024f04                tmcc160_getTargetTorque_mA
                0x00024f08                tmcc160_getActualTorque_mA
                0x00024f0c                tmcc160_getActualRampTorque_mA
                0x00024f10                tmcc160_setTargetVelocity
                0x00024f18                tmcc160_getTargetVelocity
                0x00024f1e                tmcc160_getActualVelocity
                0x00024f24                tmcc160_getActualRampVelocity
                0x00024f2a                tmcc160_setAbsolutTargetPosition
                0x00024f32                tmcc160_setRelativeTargetPosition
                0x00024f3a                tmcc160_getTargetPosition
                0x00024f40                tmcc160_setActualPosition
                0x00024f48                tmcc160_getActualPosition
                0x00024f4e                tmcc160_getActualRampPosition
 *fill*         0x00024f52        0x2 
 .text          0x00024f54      0x174 _build_Landungsbruecke/Cpu.o
                0x00024f54                LowLevelInit
                0x00024fcc                InitClocks
                0x0002509c                Cpu_INT_NMIInterrupt
                0x000250ae                Cpu_Interrupt
                0x000250c2                Cpu_SetBASEPRI
 .text          0x000250c8       0x34 _build_Landungsbruecke/kinetis_sysinit.o
                0x000250c8                DebugMon_Handler
                0x000250c8                TSI_IRQHandler
                0x000250c8                I2C0_IRQHandler
                0x000250c8                HardFault_Handler
                0x000250c8                UART3_RX_TX_IRQHandler
                0x000250c8                PendSV_Handler
                0x000250c8                NMI_Handler
                0x000250c8                I2C1_IRQHandler
                0x000250c8                UART3Error_IRQHandler
                0x000250c8                UART4Error_IRQHandler
                0x000250c8                DMA2_IRQHandler
                0x000250c8                Reserved59_IRQHandler
                0x000250c8                UART0Error_IRQHandler
                0x000250c8                PIT0_IRQHandler
                0x000250c8                Watchdog_IRQHandler
                0x000250c8                CMP2_IRQHandler
                0x000250c8                Reserved92_IRQHandler
                0x000250c8                SWI_IRQHandler
                0x000250c8                ADC0_IRQHandler
                0x000250c8                Reserved39_IRQHandler
                0x000250c8                UsageFault_Handler
                0x000250c8                I2S0_Tx_IRQHandler
                0x000250c8                CAN1Rcv_IRQHandler
                0x000250c8                CMT_IRQHandler
                0x000250c8                SPI1_IRQHandler
                0x000250c8                DMA9_IRQHandler
                0x000250c8                DMA14_IRQHandler
                0x000250c8                CMP1_IRQHandler
                0x000250c8                Reserved71_IRQHandler
                0x000250c8                PORTD_IRQHandler
                0x000250c8                ADC1_IRQHandler
                0x000250c8                PIT2_IRQHandler
                0x000250c8                I2S0_Rx_IRQHandler
                0x000250c8                LPTimer_IRQHandler
                0x000250c8                DMA5_IRQHandler
                0x000250c8                RTC_IRQHandler
                0x000250c8                DMA6_IRQHandler
                0x000250c8                PDB0_IRQHandler
                0x000250c8                CAN0Xmit_IRQHandler
                0x000250c8                Reserved95_IRQHandler
                0x000250c8                PIT3_IRQHandler
                0x000250c8                UART1Error_IRQHandler
                0x000250c8                SDHC_IRQHandler
                0x000250c8                MCG_IRQHandler
                0x000250c8                Reserved108_IRQHandler
                0x000250c8                Reserved72_IRQHandler
                0x000250c8                DMA11_IRQHandler
                0x000250c8                Default_Handler
                0x000250c8                Reserved98_IRQHandler
                0x000250c8                DMA7_IRQHandler
                0x000250c8                CAN1BusOff_IRQHandler
                0x000250c8                Reserved102_IRQHandler
                0x000250c8                CAN0Rcv_IRQHandler
                0x000250c8                CAN0BusOff_IRQHandler
                0x000250c8                USBCharge_IRQHandler
                0x000250c8                LLW_IRQHandler
                0x000250c8                SPI2_IRQHandler
                0x000250c8                MCMNormal_IRQHandler
                0x000250c8                MemManage_Handler
                0x000250c8                SVC_Handler
                0x000250c8                CAN0Error_IRQHandler
                0x000250c8                RTCSeconds_IRQHandler
                0x000250c8                Reserved109_IRQHandler
                0x000250c8                CAN1Xmit_IRQHandler
                0x000250c8                DMA13_IRQHandler
                0x000250c8                CAN1Error_IRQHandler
                0x000250c8                DMA3_IRQHandler
                0x000250c8                UART0_LON_IRQHandler
                0x000250c8                DMA0_IRQHandler
                0x000250c8                Reserved91_IRQHandler
                0x000250c8                DMA15_IRQHandler
                0x000250c8                DAC0_IRQHandler
                0x000250c8                UART2Error_IRQHandler
                0x000250c8                Reserved94_IRQHandler
                0x000250c8                DMA4_IRQHandler
                0x000250c8                PIT1_IRQHandler
                0x000250c8                CAN0Wake_IRQHandler
                0x000250c8                DMA_Error_IRQHandler
                0x000250c8                LVD_LVW_IRQHandler
                0x000250c8                SPI0_IRQHandler
                0x000250c8                FTM0_IRQHandler
                0x000250c8                PORTA_IRQHandler
                0x000250c8                FlashCmd_IRQHandler
                0x000250c8                DMA12_IRQHandler
                0x000250c8                PORTE_IRQHandler
                0x000250c8                BusFault_Handler
                0x000250c8                DMA8_IRQHandler
                0x000250c8                Reserved93_IRQHandler
                0x000250c8                CAN0Msg_IRQHandler
                0x000250c8                DMA10_IRQHandler
                0x000250c8                FlashReadErr_IRQHandler
                0x000250c8                UART1_RX_TX_IRQHandler
                0x000250c8                CMP0_IRQHandler
                0x000250c8                CAN1Wake_IRQHandler
                0x000250c8                CAN1Msg_IRQHandler
                0x000250c8                PORTC_IRQHandler
                0x000250c8                DMA1_IRQHandler
                0x000250cc                __init_hardware
 .text          0x000250fc      0x120 _build_Landungsbruecke/nvic-m4.o
                0x000250fc                enable_irq
                0x00025198                disable_irq
                0x000251dc                set_irq_priority
 .text          0x0002521c      0x1f4 _build_Landungsbruecke/CDC1.o
                0x0002521c                CDC1_Notify_Callback
                0x00025240                CDC1_App_Callback
                0x000252b8                CDC1_RecvChar
                0x000252c8                CDC1_RunUsbEngine
                0x000252ca                CDC1_SendDataBlock
                0x000252f8                CDC1_App_Task
                0x00025340                CDC1_GetCharsInRxBuf
                0x00025358                CDC1_SendChar
                0x00025384                CDC1_SendBlock
                0x000253a6                CDC1_SendString
                0x000253c2                CDC1_Init
                0x000253e8                CDC1_PutBufferChecked
 .text          0x00025410       0x9c _build_Landungsbruecke/Rx1.o
                0x00025410                Rx1_Put
                0x00025440                Rx1_Get
                0x00025478                Rx1_NofElements
                0x00025484                Rx1_NofFreeElements
                0x00025494                Rx1_Init
                0x000254a8                Rx1_Clear
 .text          0x000254ac       0x9c _build_Landungsbruecke/Tx1.o
                0x000254ac                Tx1_Put
                0x000254dc                Tx1_Get
                0x00025514                Tx1_NofElements
                0x00025520                Tx1_NofFreeElements
                0x00025530                Tx1_Init
                0x00025544                Tx1_Clear
 .text          0x00025548      0x3f4 _build_Landungsbruecke/usb_cdc.o
                0x00025548                USB_Class_CDC_Service_Cic_Notify
                0x000255d0                USB_Class_CDC_Event
                0x00025744                USB_Class_CDC_Service_Dic_Bulk_In
                0x000257d8                USB_Class_CDC_Service_Dic_Bulk_Out
                0x00025810                USB_Class_CDC_Init
                0x00025898                USB_Class_CDC_DeInit
                0x000258b8                USB_Class_CDC_Send_Data
 .text          0x0002593c      0x100 _build_Landungsbruecke/usb_cdc_pstn.o
                0x0002593c                USB_Class_CDC_Pstn_Init
                0x00025948                USB_Class_CDC_PSTN_Get_Line_Coding
                0x00025958                USB_Class_CDC_PSTN_Set_Line_Coding
                0x00025978                USB_Class_CDC_PSTN_Send_Break
                0x0002597e                USB_Class_CDC_PSTN_Get_Comm_Feature
                0x000259b0                USB_Class_CDC_PSTN_Set_Comm_Feature
                0x000259e0                USB_Class_CDC_PSTN_Send_Serial_State
                0x000259fc                USB_Class_CDC_PSTN_Set_Ctrl_Line_State
 .text          0x00025a3c      0x2b0 _build_Landungsbruecke/usb_class.o
                0x00025a3c                USB_Error_Service
                0x00025a50                USB_Suspend_Service
                0x00025a7c                USB_Resume_Service
                0x00025ab0                USB_Sof_Service
                0x00025abe                USB_Reset_Service
                0x00025b2c                USB_Stall_Service
                0x00025b42                USB_Class_Init
                0x00025be8                USB_Class_DeInit
                0x00025c5c                USB_Class_Initiate_Resume
                0x00025cc0                USB_Class_Send_Data
                0x00025cea                USB_Class_Periodic_Task
 .text          0x00025cec      0xab4 _build_Landungsbruecke/usb_dci_kinetis.o
                0x00025d20                USB_DCI_Init
                0x00025e00                USB_DCI_DeInit
                0x00025e3c                USB_DCI_Init_EndPoint
                0x00025f5c                _usb_device_cancel_transfer
                0x00025fac                USB_DCI_Deinit_EndPoint
                0x00026010                _usb_device_stall_endpoint
                0x00026058                _usb_device_read_setup_data
                0x0002608c                _usb_device_get_transfer_status
                0x000260e8                _usb_device_clear_data0_endpoint
                0x00026110                _usb_device_recv_data
                0x000261ac                _usb_device_unstall_endpoint
                0x0002622c                _usb_device_send_data
                0x000262b4                _usb_device_set_address
                0x000262cc                _usb_device_shutdown
                0x000262ec                _usb_device_assert_resume
                0x0002635c                USB_ISR
                0x00026794                Clear_Mem
 .text          0x000267a0      0x188 _build_Landungsbruecke/usb_descriptor.o
                0x000267a0                USB_Desc_Get_Descriptor
                0x00026810                USB_Desc_Get_Interface
                0x00026828                USB_Desc_Set_Interface
                0x0002683c                USB_Desc_Valid_Configation
                0x00026846                USB_Desc_Valid_Interface
                0x00026860                USB_Desc_Remote_Wakeup
                0x00026864                USB_Desc_Get_Endpoints
                0x0002686c                USB_Desc_Get_Line_Coding
                0x00026888                USB_Desc_Set_Line_Coding
                0x000268b0                USB_Desc_Get_Abstract_State
                0x000268c8                USB_Desc_Get_Country_Setting
                0x000268e0                USB_Desc_Set_Abstract_State
                0x00026904                USB_Desc_Set_Country_Setting
 .text          0x00026928      0x1c0 _build_Landungsbruecke/usb_driver.o
                0x00026954                USB_NULL_CALLBACK
                0x00026958                _usb_device_init
                0x0002697c                _usb_device_deinit
                0x0002698c                _usb_device_init_endpoint
                0x000269d0                _usb_device_deinit_endpoint
                0x00026a00                _usb_device_get_status
                0x00026a30                _usb_device_set_status
                0x00026aa0                _usb_device_register_service
                0x00026aa4                _usb_device_unregister_service
                0x00026ac8                USB_Device_Call_Service
 .text          0x00026ae8      0x49c _build_Landungsbruecke/usb_framework.o
                0x00026e1c                USB_Control_Service
                0x00026f48                USB_Framework_Init
                0x00026f60                USB_Framework_DeInit
                0x00026f80                USB_Framework_Reset
 .text          0x00026f84       0xe0 _build_Landungsbruecke/USB0.o
                0x00026f84                USB0_Init
 .text          0x00027064       0x38 _build_Landungsbruecke/USB1.o
                0x00027064                USB1_usb_int_dis
                0x00027074                USB1_usb_int_en
                0x00027088                USB1_Init
 .text          0x0002709c       0x14 _build_Landungsbruecke/wdt_kinetis.o
                0x0002709c                Watchdog_Reset
 *fill*         0x000270b0       0x10 
 .text          0x000270c0      0x2dc c:/program files (x86)/gnu arm embedded toolchain/9 2020-q2-update/bin/../lib/gcc/arm-none-eabi/9.3.1/../../../../arm-none-eabi/lib/thumb/v7e-m/nofp\libc.a(lib_a-strcmp.o)
                0x000270c8                strcmp
 .text          0x0002739c      0x21c c:/program files (x86)/gnu arm embedded toolchain/9 2020-q2-update/bin/../lib/gcc/arm-none-eabi/9.3.1/thumb/v7e-m/nofp\libgcc.a(_arm_addsubsf3.o)
                0x0002739c                __aeabi_frsub
                0x000273a4                __subsf3
                0x000273a4                __aeabi_fsub
                0x000273a8                __aeabi_fadd
                0x000273a8                __addsf3
                0x00027508                __aeabi_ui2f
                0x00027508                __floatunsisf
                0x00027510                __aeabi_i2f
                0x00027510                __floatsisf
                0x0002752c                __aeabi_ul2f
                0x0002752c                __floatundisf
                0x0002753c                __aeabi_l2f
                0x0002753c                __floatdisf
 .text          0x000275b8      0x2a0 c:/program files (x86)/gnu arm embedded toolchain/9 2020-q2-update/bin/../lib/gcc/arm-none-eabi/9.3.1/thumb/v7e-m/nofp\libgcc.a(_arm_muldivsf3.o)
                0x000275b8                __mulsf3
                0x000275b8                __aeabi_fmul
                0x00027720                __aeabi_fdiv
                0x00027720                __divsf3
 .text          0x00027858       0x4c c:/program files (x86)/gnu arm embedded toolchain/9 2020-q2-update/bin/../lib/gcc/arm-none-eabi/9.3.1/thumb/v7e-m/nofp\libgcc.a(_arm_fixsfsi.o)
                0x00027858                __aeabi_f2iz
                0x00027858                __fixsfsi
 .text          0x000278a4       0x40 c:/program files (x86)/gnu arm embedded toolchain/9 2020-q2-update/bin/../lib/gcc/arm-none-eabi/9.3.1/thumb/v7e-m/nofp\libgcc.a(_arm_fixunssfsi.o)
                0x000278a4                __fixunssfsi
                0x000278a4                __aeabi_f2uiz
 .text          0x000278e4       0xa0 c:/program files (x86)/gnu arm embedded toolchain/9 2020-q2-update/bin/../lib/gcc/arm-none-eabi/9.3.1/thumb/v7e-m/nofp\libgcc.a(_aeabi_ldivmod.o)
                0x000278e4                __aeabi_ldivmod
 .text          0x00027984      0x2c0 c:/program files (x86)/gnu arm embedded toolchain/9 2020-q2-update/bin/../lib/gcc/arm-none-eabi/9.3.1/thumb/v7e-m/nofp\libgcc.a(_udivmoddi4.o)
                0x00027984                __udivmoddi4
 .text          0x00027c44        0x4 c:/program files (x86)/gnu arm embedded toolchain/9 2020-q2-update/bin/../lib/gcc/arm-none-eabi/9.3.1/thumb/v7e-m/nofp\libgcc.a(_dvmd_tls.o)
                0x00027c44                __aeabi_idiv0
                0x00027c44                __aeabi_ldiv0
 *(.text*)
 .text.__thumb_startup
                0x00027c48       0x48 _build_Landungsbruecke/startup.o
                0x00027c48                __thumb_startup
 .text.startup  0x00027c90       0xc8 _build_Landungsbruecke/HelloWorld.o
                0x00027c90                main
 .text.memset   0x00027d58       0xa0 c:/program files (x86)/gnu arm embedded toolchain/9 2020-q2-update/bin/../lib/gcc/arm-none-eabi/9.3.1/../../../../arm-none-eabi/lib/thumb/v7e-m/nofp\libc.a(lib_a-memset.o)
                0x00027d58                memset
 .text.startup.register_fini
                0x00027df8       0x14 c:/program files (x86)/gnu arm embedded toolchain/9 2020-q2-update/bin/../lib/gcc/arm-none-eabi/9.3.1/../../../../arm-none-eabi/lib/thumb/v7e-m/nofp\libc.a(lib_a-__call_atexit.o)
 .text.atexit   0x00027e0c        0xc c:/program files (x86)/gnu arm embedded toolchain/9 2020-q2-update/bin/../lib/gcc/arm-none-eabi/9.3.1/../../../../arm-none-eabi/lib/thumb/v7e-m/nofp\libc.a(lib_a-atexit.o)
                0x00027e0c                atexit
 .text.__libc_fini_array
                0x00027e18       0x2c c:/program files (x86)/gnu arm embedded toolchain/9 2020-q2-update/bin/../lib/gcc/arm-none-eabi/9.3.1/../../../../arm-none-eabi/lib/thumb/v7e-m/nofp\libc.a(lib_a-fini.o)
                0x00027e18                __libc_fini_array
 .text.__retarget_lock_acquire_recursive
                0x00027e44        0x4 c:/program files (x86)/gnu arm embedded toolchain/9 2020-q2-update/bin/../lib/gcc/arm-none-eabi/9.3.1/../../../../arm-none-eabi/lib/thumb/v7e-m/nofp\libc.a(lib_a-lock.o)
                0x00027e44                __retarget_lock_acquire_recursive
 .text.__retarget_lock_release_recursive
                0x00027e48        0x4 c:/program files (x86)/gnu arm embedded toolchain/9 2020-q2-update/bin/../lib/gcc/arm-none-eabi/9.3.1/../../../../arm-none-eabi/lib/thumb/v7e-m/nofp\libc.a(lib_a-lock.o)
                0x00027e48                __retarget_lock_release_recursive
 .text.__register_exitproc
                0x00027e4c       0x8c c:/program files (x86)/gnu arm embedded toolchain/9 2020-q2-update/bin/../lib/gcc/arm-none-eabi/9.3.1/../../../../arm-none-eabi/lib/thumb/v7e-m/nofp\libc.a(lib_a-__atexit.o)
                0x00027e4c                __register_exitproc
 *(.rodata)
 .rodata        0x00027ed8      0x200 _build_Landungsbruecke/TMC2041_eval.o
 .rodata        0x000280d8      0x200 _build_Landungsbruecke/TMC2130_eval.o
 .rodata        0x000282d8      0x200 _build_Landungsbruecke/TMC2160_eval.o
 .rodata        0x000284d8      0x200 _build_Landungsbruecke/TMC2208_eval.o
 .rodata        0x000286d8      0x200 _build_Landungsbruecke/TMC2209_eval.o
 .rodata        0x000288d8      0x200 _build_Landungsbruecke/TMC2225_eval.o
 .rodata        0x00028ad8       0x20 _build_Landungsbruecke/TMC2590_eval.o
 .rodata        0x00028af8      0x200 _build_Landungsbruecke/TMC4330_eval.o
 .rodata        0x00028cf8      0x200 _build_Landungsbruecke/TMC4331_eval.o
 .rodata        0x00028ef8      0x200 _build_Landungsbruecke/TMC4361_eval.o
 .rodata        0x000290f8      0x200 _build_Landungsbruecke/TMC4361A_eval.o
 .rodata        0x000292f8      0x200 _build_Landungsbruecke/TMC5041_eval.o
 .rodata        0x000294f8      0x200 _build_Landungsbruecke/TMC5062_eval.o
 .rodata        0x000296f8      0x200 _build_Landungsbruecke/TMC5072_eval.o
 .rodata        0x000298f8      0x200 _build_Landungsbruecke/TMC5130_eval.o
 .rodata        0x00029af8      0x200 _build_Landungsbruecke/TMC5161_eval.o
 .rodata        0x00029cf8       0x54 _build_Landungsbruecke/HAL.o
                0x00029d1c                HAL
 .rodata        0x00029d4c        0x6 _build_Landungsbruecke/ADCs.o
                0x00029d4c                adc0_mux
                0x00029d4f                adc1_mux
 *fill*         0x00029d52        0x2 
 .rodata        0x00029d54       0xe8 _build_Landungsbruecke/BoardAssignment.o
 .rodata        0x00029e3c      0x100 _build_Landungsbruecke/Functions.o
 .rodata        0x00029f3c       0x80 _build_Landungsbruecke/TMC2041.o
 .rodata        0x00029fbc       0xe0 _build_Landungsbruecke/TMC2130.o
 .rodata        0x0002a09c       0xe8 _build_Landungsbruecke/TMC2160.o
 .rodata        0x0002a184       0x80 _build_Landungsbruecke/TMC2208.o
 .rodata        0x0002a204       0x80 _build_Landungsbruecke/TMC2209.o
 .rodata        0x0002a284      0x280 _build_Landungsbruecke/TMC2224.o
                0x0002a284                tmc2224_defaultRegisterAccess
                0x0002a304                tmc2224_defaultRegisterResetState
 .rodata        0x0002a504       0x80 _build_Landungsbruecke/TMC2225.o
 .rodata        0x0002a584        0x8 _build_Landungsbruecke/TMC2590.o
 .rodata        0x0002a58c       0x28 _build_Landungsbruecke/TMC2660.o
                0x0002a58c                tmc2660_defaultRegisterAccess
                0x0002a594                tmc2660_defaultRegisterResetState
 .rodata        0x0002a5b4       0x80 _build_Landungsbruecke/TMC4330.o
 .rodata        0x0002a634       0x80 _build_Landungsbruecke/TMC4331.o
 .rodata        0x0002a6b4       0x80 _build_Landungsbruecke/TMC4361.o
 .rodata        0x0002a734       0xf8 _build_Landungsbruecke/TMC4361A.o
 .rodata        0x0002a82c      0x280 _build_Landungsbruecke/TMC5031.o
                0x0002a82c                tmc5031_defaultRegisterAccess
                0x0002a8ac                tmc5031_defaultRegisterResetState
 .rodata        0x0002aaac       0x85 _build_Landungsbruecke/TMC5041.o
 *fill*         0x0002ab31        0x3 
 .rodata        0x0002ab34      0x120 _build_Landungsbruecke/TMC5062.o
 .rodata        0x0002ac54       0xd8 _build_Landungsbruecke/TMC5072.o
 .rodata        0x0002ad2c       0xe0 _build_Landungsbruecke/TMC5130.o
 .rodata        0x0002ae0c      0x280 _build_Landungsbruecke/TMC5160.o
                0x0002ae0c                tmc5160_defaultRegisterAccess
                0x0002ae8c                tmc5160_defaultRegisterResetState
 .rodata        0x0002b08c       0x80 _build_Landungsbruecke/TMC5161.o
 .rodata        0x0002b10c       0x78 _build_Landungsbruecke/usb_descriptor.o
                0x0002b10c                g_languages
                0x0002b12c                g_std_descriptors
                0x0002b14c                g_std_desc_size
                0x0002b15c                usb_desc_ep
                0x0002b16c                g_valid_config_values
                0x0002b170                g_string_descriptors
                0x0002b180                g_string_desc_size
 .rodata        0x0002b184       0x60 _build_Landungsbruecke/usb_driver.o
 .rodata        0x0002b1e4       0x5b _build_Landungsbruecke/usb_framework.o
                0x0002b1e4                g_standard_request
                0x0002b218                g_validate_request
 *(.rodata*)
 .rodata.str1.1
                0x0002b23f        0x4 _build_Landungsbruecke/WLAN.o
 .rodata.str1.1
                0x0002b243        0x9 _build_Landungsbruecke/HelloWorld.o
 .rodata._global_impure_ptr
                0x0002b24c        0x4 c:/program files (x86)/gnu arm embedded toolchain/9 2020-q2-update/bin/../lib/gcc/arm-none-eabi/9.3.1/../../../../arm-none-eabi/lib/thumb/v7e-m/nofp\libc.a(lib_a-impure.o)
                0x0002b24c                _global_impure_ptr
 *(.glue_7)
 .glue_7        0x0002b250        0x0 linker stubs
 *(.glue_7t)
 .glue_7t       0x0002b250        0x0 linker stubs
 *(.eh_frame)
 .eh_frame      0x0002b250        0x0 c:/program files (x86)/gnu arm embedded toolchain/9 2020-q2-update/bin/../lib/gcc/arm-none-eabi/9.3.1/thumb/v7e-m/nofp/crtbegin.o
 *(.init)
 .init          0x0002b250        0x4 c:/program files (x86)/gnu arm embedded toolchain/9 2020-q2-update/bin/../lib/gcc/arm-none-eabi/9.3.1/thumb/v7e-m/nofp/crti.o
                0x0002b250                _init
 .init          0x0002b254        0x8 c:/program files (x86)/gnu arm embedded toolchain/9 2020-q2-update/bin/../lib/gcc/arm-none-eabi/9.3.1/thumb/v7e-m/nofp/crtn.o
 *(.fini)
 .fini          0x0002b25c        0x4 c:/program files (x86)/gnu arm embedded toolchain/9 2020-q2-update/bin/../lib/gcc/arm-none-eabi/9.3.1/thumb/v7e-m/nofp/crti.o
                0x0002b25c                _fini
 .fini          0x0002b260        0x8 c:/program files (x86)/gnu arm embedded toolchain/9 2020-q2-update/bin/../lib/gcc/arm-none-eabi/9.3.1/thumb/v7e-m/nofp/crtn.o
                0x0002b268                . = ALIGN (0x4)
                0x0002b268                _etext = .

.vfp11_veneer   0x0002b268        0x0
 .vfp11_veneer  0x0002b268        0x0 linker stubs

.v4_bx          0x0002b268        0x0
 .v4_bx         0x0002b268        0x0 linker stubs

.iplt           0x0002b268        0x0
 .iplt          0x0002b268        0x0 c:/program files (x86)/gnu arm embedded toolchain/9 2020-q2-update/bin/../lib/gcc/arm-none-eabi/9.3.1/thumb/v7e-m/nofp/crtbegin.o

.ARM.extab
 *(.ARM.extab* .gnu.linkonce.armextab.*)

.ARM            0x0002b268        0x8
                0x0002b268                __exidx_start = .
 *(.ARM.exidx*)
 .ARM.exidx     0x0002b268        0x8 c:/program files (x86)/gnu arm embedded toolchain/9 2020-q2-update/bin/../lib/gcc/arm-none-eabi/9.3.1/thumb/v7e-m/nofp\libgcc.a(_udivmoddi4.o)
                0x0002b270                __exidx_end = .

.rel.dyn        0x0002b270        0x0
 .rel.iplt      0x0002b270        0x0 c:/program files (x86)/gnu arm embedded toolchain/9 2020-q2-update/bin/../lib/gcc/arm-none-eabi/9.3.1/thumb/v7e-m/nofp/crtbegin.o

.ctors          0x0002b270        0x0
                0x0002b270                __CTOR_LIST__ = .
 *crtbegin.o(.ctors)
 *(EXCLUDE_FILE(*crtend.o) .ctors)
 *(SORT_BY_NAME(.ctors.*))
 *(.ctors)
                0x0002b270                __CTOR_END__ = .

.dtors          0x0002b270        0x0
                0x0002b270                __DTOR_LIST__ = .
 *crtbegin.o(.dtors)
 *(EXCLUDE_FILE(*crtend.o) .dtors)
 *(SORT_BY_NAME(.dtors.*))
 *(.dtors)
                0x0002b270                __DTOR_END__ = .

.preinit_array  0x0002b270        0x0
                0x0002b270                PROVIDE (__preinit_array_start = .)
 *(.preinit_array*)
                0x0002b270                PROVIDE (__preinit_array_end = .)

.init_array     0x0002b270        0x8
                0x0002b270                PROVIDE (__init_array_start = .)
 *(SORT_BY_NAME(.init_array.*))
 .init_array.00000
                0x0002b270        0x4 c:/program files (x86)/gnu arm embedded toolchain/9 2020-q2-update/bin/../lib/gcc/arm-none-eabi/9.3.1/../../../../arm-none-eabi/lib/thumb/v7e-m/nofp\libc.a(lib_a-__call_atexit.o)
 *(.init_array*)
 .init_array    0x0002b274        0x4 c:/program files (x86)/gnu arm embedded toolchain/9 2020-q2-update/bin/../lib/gcc/arm-none-eabi/9.3.1/thumb/v7e-m/nofp/crtbegin.o
                0x0002b278                PROVIDE (__init_array_end = .)

.fini_array     0x0002b278        0x4
                0x0002b278                PROVIDE (__fini_array_start = .)
 *(SORT_BY_NAME(.fini_array.*))
 *(.fini_array*)
 .fini_array    0x0002b278        0x4 c:/program files (x86)/gnu arm embedded toolchain/9 2020-q2-update/bin/../lib/gcc/arm-none-eabi/9.3.1/thumb/v7e-m/nofp/crtbegin.o
                0x0002b27c                PROVIDE (__fini_array_end = .)
                0x0002b27c                ___ROM_AT = .

.bldata         0x1fff0000        0x8
                0x1fff0000                . = ALIGN (0x4)
 *(.bldata)
 .bldata        0x1fff0000        0x8 _build_Landungsbruecke/HelloWorld.o
                0x1fff0000                BLConfig
                0x1fff0008                . = ALIGN (0x4)

.mtb            0x1fff0008        0x0
                0x1fff0008                . = ALIGN (0x8)
                0x1fff0008                _mtb_start = .
 *(.mtb_buf)
                0x1fff0008                . = ALIGN (0x8)
                0x1fff0008                _mtb_end = .

.data           0x1fff0008     0x106c load address 0x0002b27c
                0x1fff0008                . = ALIGN (0x4)
                0x1fff0008                _sdata = .
 *(.data)
 .data          0x1fff0008       0x64 _build_Landungsbruecke/Rhino_standalone.o
                0x1fff0008                TMCRhinoSA
 .data          0x1fff006c        0x4 _build_Landungsbruecke/TMC2590_eval.o
 .data          0x1fff0070        0x4 _build_Landungsbruecke/TMC2660_eval.o
 .data          0x1fff0074        0x2 _build_Landungsbruecke/TMC5031_eval.o
 *fill*         0x1fff0076        0x2 
 .data          0x1fff0078       0x34 _build_Landungsbruecke/IOs.o
                0x1fff0078                IOs
 .data          0x1fff00ac      0x92c _build_Landungsbruecke/IOMap.o
                0x1fff01b0                IOMap
 .data          0x1fff09d8       0x2c _build_Landungsbruecke/SPI.o
                0x1fff09d8                SPI
 .data          0x1fff0a04       0x24 _build_Landungsbruecke/USB.o
                0x1fff0a04                USB
 .data          0x1fff0a28       0x20 _build_Landungsbruecke/ADCs.o
                0x1fff0a28                ADCs
 .data          0x1fff0a48       0x1c _build_Landungsbruecke/LEDs.o
                0x1fff0a48                LEDs
 .data          0x1fff0a64       0x3c _build_Landungsbruecke/RS232.o
                0x1fff0a7c                RS232
 .data          0x1fff0aa0       0x40 _build_Landungsbruecke/WLAN.o
                0x1fff0abc                WLAN
 .data          0x1fff0ae0       0x10 _build_Landungsbruecke/Timer.o
                0x1fff0ae0                Timer
 .data          0x1fff0af0       0x40 _build_Landungsbruecke/UART.o
                0x1fff0b08                UART
 .data          0x1fff0b30        0x4 _build_Landungsbruecke/HelloWorld.o
                0x1fff0b30                VersionString
 .data          0x1fff0b34       0x16 _build_Landungsbruecke/VitalSignsMonitor.o
                0x1fff0b34                VitalSignsMonitor
 *fill*         0x1fff0b4a        0x2 
 .data          0x1fff0b4c        0x8 _build_Landungsbruecke/Cpu.o
                0x1fff0b4c                Cpu
 .data          0x1fff0b54        0xa _build_Landungsbruecke/usb_cdc_pstn.o
 .data          0x1fff0b5e        0x1 _build_Landungsbruecke/usb_dci_kinetis.o
 .data          0x1fff0b5f       0xe9 _build_Landungsbruecke/usb_descriptor.o
                0x1fff0b5f                USB_STR_0
                0x1fff0b71                USB_STR_n
                0x1fff0b93                USB_STR_2
                0x1fff0bb9                USB_STR_1
                0x1fff0bf3                g_config_descriptor
                0x1fff0c36                g_device_descriptor
 *(.data*)
 .data.impure_data
                0x1fff0c48      0x428 c:/program files (x86)/gnu arm embedded toolchain/9 2020-q2-update/bin/../lib/gcc/arm-none-eabi/9.3.1/../../../../arm-none-eabi/lib/thumb/v7e-m/nofp\libc.a(lib_a-impure.o)
 .data.__atexit_recursive_mutex
                0x1fff1070        0x4 c:/program files (x86)/gnu arm embedded toolchain/9 2020-q2-update/bin/../lib/gcc/arm-none-eabi/9.3.1/../../../../arm-none-eabi/lib/thumb/v7e-m/nofp\libc.a(lib_a-__call_atexit.o)
                0x1fff1070                __atexit_recursive_mutex
                0x1fff1074                . = ALIGN (0x4)
                0x1fff1074                _edata = .
                0x0000106c                ___data_size = (_edata - _sdata)

.igot.plt       0x1fff1074        0x0 load address 0x0002c2e8
 .igot.plt      0x1fff1074        0x0 c:/program files (x86)/gnu arm embedded toolchain/9 2020-q2-update/bin/../lib/gcc/arm-none-eabi/9.3.1/thumb/v7e-m/nofp/crtbegin.o
                0x1fff1074                . = ALIGN (0x4)

.bss            0x1fff1200     0x5a24 load address 0x0002c600
                0x1fff1200                __START_BSS = .
                0x1fff1200                PROVIDE (__bss_start__ = __START_BSS)
 *(.bss)
 .bss           0x1fff1200       0x1c c:/program files (x86)/gnu arm embedded toolchain/9 2020-q2-update/bin/../lib/gcc/arm-none-eabi/9.3.1/thumb/v7e-m/nofp/crtbegin.o
 .bss           0x1fff121c       0x10 _build_Landungsbruecke/SelfTest_Landungsbruecke.o
 .bss           0x1fff122c      0x220 _build_Landungsbruecke/TMCDriver.o
                0x1fff122c                TMCDriver
 .bss           0x1fff144c      0x220 _build_Landungsbruecke/TMCMotionController.o
                0x1fff144c                TMCMotionController
 .bss           0x1fff166c       0x34 _build_Landungsbruecke/Rhino_standalone.o
 .bss           0x1fff16a0      0x2c0 _build_Landungsbruecke/TMC2041_eval.o
 .bss           0x1fff1960       0x40 _build_Landungsbruecke/TMC2100_eval.o
 .bss           0x1fff19a0       0x34 _build_Landungsbruecke/TMC2130_eval.o
 .bss           0x1fff19d4       0x38 _build_Landungsbruecke/TMC2160_eval.o
 .bss           0x1fff1a0c      0x2b0 _build_Landungsbruecke/TMC2208_eval.o
 .bss           0x1fff1cbc      0x2c4 _build_Landungsbruecke/TMC2209_eval.o
 .bss           0x1fff1f80      0x2c0 _build_Landungsbruecke/TMC2224_eval.o
 .bss           0x1fff2240      0x2b8 _build_Landungsbruecke/TMC2225_eval.o
 .bss           0x1fff24f8       0x6c _build_Landungsbruecke/TMC2590_eval.o
 .bss           0x1fff2564       0x78 _build_Landungsbruecke/TMC2660_eval.o
 .bss           0x1fff25dc      0x2cc _build_Landungsbruecke/TMC4330_eval.o
 .bss           0x1fff28a8      0x2e8 _build_Landungsbruecke/TMC4331_eval.o
 .bss           0x1fff2b90      0x2e8 _build_Landungsbruecke/TMC4361_eval.o
 .bss           0x1fff2e78      0x2f0 _build_Landungsbruecke/TMC4361A_eval.o
 .bss           0x1fff3168       0x14 _build_Landungsbruecke/TMC4670_eval.o
 .bss           0x1fff317c       0x18 _build_Landungsbruecke/TMC4671_eval.o
 .bss           0x1fff3194      0x2d0 _build_Landungsbruecke/TMC5031_eval.o
 .bss           0x1fff3464      0x2bc _build_Landungsbruecke/TMC5041_eval.o
 .bss           0x1fff3720      0x2dc _build_Landungsbruecke/TMC5062_eval.o
 .bss           0x1fff39fc      0x2cc _build_Landungsbruecke/TMC5072_eval.o
 .bss           0x1fff3cc8      0x2d0 _build_Landungsbruecke/TMC5130_eval.o
 .bss           0x1fff3f98      0x2d4 _build_Landungsbruecke/TMC5160_eval.o
 .bss           0x1fff426c      0x2cc _build_Landungsbruecke/TMC5161_eval.o
 .bss           0x1fff4538       0x1c _build_Landungsbruecke/TMC8461_eval.o
 .bss           0x1fff4554       0x1c _build_Landungsbruecke/TMC8462_eval.o
 .bss           0x1fff4570       0x10 _build_Landungsbruecke/SysTick.o
                0x1fff4570                systick
 .bss           0x1fff4580       0x2c _build_Landungsbruecke/SPI.o
 .bss           0x1fff45ac       0x18 _build_Landungsbruecke/ADCs.o
                0x1fff45ac                adc0_result
                0x1fff45b2                adc1_result
 .bss           0x1fff45c4      0x810 _build_Landungsbruecke/RS232.o
 .bss           0x1fff4dd4      0x898 _build_Landungsbruecke/WLAN.o
 .bss           0x1fff566c       0x52 _build_Landungsbruecke/UART.o
 .bss           0x1fff56be        0x1 _build_Landungsbruecke/RXTX.o
                0x1fff56be                uart0_interrupt
 *fill*         0x1fff56bf        0x1 
 .bss           0x1fff56c0       0x14 _build_Landungsbruecke/TMCL.o
                0x1fff56c0                resetRequest
 .bss           0x1fff56d4       0x3c _build_Landungsbruecke/IdDetection_Landungsbruecke.o
                0x1fff56dc                IdState
 .bss           0x1fff5710       0x3c _build_Landungsbruecke/EEPROM.o
                0x1fff5710                EEPROM
 .bss           0x1fff574c       0x14 _build_Landungsbruecke/VitalSignsMonitor.o
 .bss           0x1fff5760       0x2c _build_Landungsbruecke/StepDir.o
                0x1fff5760                DummyPin
 .bss           0x1fff578c      0x204 _build_Landungsbruecke/CRC.o
                0x1fff578c                CRCTables
 .bss           0x1fff5990        0x3 _build_Landungsbruecke/TMC2590.o
 *fill*         0x1fff5993        0x1 
 .bss           0x1fff5994        0x6 _build_Landungsbruecke/TMC2660.o
 *fill*         0x1fff599a        0x2 
 .bss           0x1fff599c        0x8 _build_Landungsbruecke/TMC4330.o
 .bss           0x1fff59a4        0x8 _build_Landungsbruecke/TMC4361.o
 .bss           0x1fff59ac        0x8 _build_Landungsbruecke/TMC4361A.o
 .bss           0x1fff59b4       0x14 _build_Landungsbruecke/TMC4670.o
 .bss           0x1fff59c8       0x14 _build_Landungsbruecke/TMC4671.o
 .bss           0x1fff59dc       0x83 _build_Landungsbruecke/CDC1.o
 .bss           0x1fff5a5f       0x43 _build_Landungsbruecke/Rx1.o
 .bss           0x1fff5aa2       0x43 _build_Landungsbruecke/Tx1.o
 *fill*         0x1fff5ae5        0x3 
 .bss           0x1fff5ae8       0xa4 _build_Landungsbruecke/usb_cdc.o
 .bss           0x1fff5b8c        0x7 _build_Landungsbruecke/usb_cdc_pstn.o
 *fill*         0x1fff5b93        0x1 
 .bss           0x1fff5b94        0x5 _build_Landungsbruecke/usb_class.o
 *fill*         0x1fff5b99        0x3 
 .bss           0x1fff5b9c      0x24c _build_Landungsbruecke/usb_dci_kinetis.o
                0x1fff5de0                g_bdtmap
 .bss           0x1fff5de8        0xa _build_Landungsbruecke/usb_descriptor.o
 .bss           0x1fff5df2       0x10 _build_Landungsbruecke/usb_driver.o
 *fill*         0x1fff5e02        0x2 
 .bss           0x1fff5e04       0x40 _build_Landungsbruecke/usb_framework.o
 *(.bss*)
 *(COMMON)
 COMMON         0x1fff5e44      0x180 _build_Landungsbruecke/SelfTest_Landungsbruecke.o
                0x1fff5e44                groupA
                0x1fff5e88                Evalboards
                0x1fff5f7c                hwid
                0x1fff5f80                groupB
 COMMON         0x1fff5fc4      0x288 _build_Landungsbruecke/TMC2130_eval.o
                0x1fff5fc4                TMC2130
                0x1fff6248                TMC2130_SPIChannel
 COMMON         0x1fff624c      0x288 _build_Landungsbruecke/TMC2160_eval.o
                0x1fff624c                TMC2160_SPIChannel
                0x1fff6250                TMC2160
 *fill*         0x1fff64d4        0x4 
 COMMON         0x1fff64d8       0x5c _build_Landungsbruecke/TMC4671_eval.o
                0x1fff64d8                rampGenerator
                0x1fff6500                motorConfig
                0x1fff6528                actualMotionMode
                0x1fff652c                lastRampTargetVelocity
                0x1fff6530                lastRampTargetPosition
 COMMON         0x1fff6534        0x4 _build_Landungsbruecke/TMC6100_eval.o
                0x1fff6534                TMC6100_SPIChannel
 COMMON         0x1fff6538        0x4 _build_Landungsbruecke/TMC6200_eval.o
                0x1fff6538                TMC6200_SPIChannel
 COMMON         0x1fff653c       0x14 _build_Landungsbruecke/TMC8461_eval.o
                0x1fff653c                tmc8461_spi_mfc
                0x1fff6540                PIN_DRV_ENN
                0x1fff6544                tmc8461
                0x1fff654c                tmc8461_spi_esc
 COMMON         0x1fff6550       0x10 _build_Landungsbruecke/TMC8462_eval.o
                0x1fff6550                tmc8462_spi_esc
                0x1fff6554                tmc8462
                0x1fff655c                tmc8462_spi_mfc
 COMMON         0x1fff6560        0x4 _build_Landungsbruecke/TMCC160_eval.o
                0x1fff6560                C160_config
 COMMON         0x1fff6564        0x8 _build_Landungsbruecke/SPI.o
                0x1fff6564                SPIChannel_2_default
                0x1fff6568                SPIChannel_1_default
 COMMON         0x1fff656c        0x4 _build_Landungsbruecke/WLAN.o
                0x1fff656c                UART0_TimeoutTimer
 COMMON         0x1fff6570       0xb4 _build_Landungsbruecke/TMCL.o
                0x1fff6570                interfaces
                0x1fff6600                numberOfInterfaces
                0x1fff6604                ActualCommand
                0x1fff6610                ActualReply
 COMMON         0x1fff6624       0xd0 _build_Landungsbruecke/StepDir.o
                0x1fff6624                StepDir
 *fill*         0x1fff66f4      0x10c 
 COMMON         0x1fff6800      0x400 _build_Landungsbruecke/usb_dci_kinetis.o
                0x1fff6800                g_Mem
 COMMON         0x1fff6c00       0x21 c:/program files (x86)/gnu arm embedded toolchain/9 2020-q2-update/bin/../lib/gcc/arm-none-eabi/9.3.1/../../../../arm-none-eabi/lib/thumb/v7e-m/nofp\libc.a(lib_a-lock.o)
                0x1fff6c00                __lock___atexit_recursive_mutex
                0x1fff6c04                __lock___arc4random_mutex
                0x1fff6c08                __lock___env_recursive_mutex
                0x1fff6c0c                __lock___sinit_recursive_mutex
                0x1fff6c10                __lock___malloc_recursive_mutex
                0x1fff6c14                __lock___at_quick_exit_mutex
                0x1fff6c18                __lock___dd_hash_mutex
                0x1fff6c1c                __lock___tz_mutex
                0x1fff6c20                __lock___sfp_recursive_mutex
                0x1fff6c24                . = ALIGN (0x4)
 *fill*         0x1fff6c21        0x3 
                0x1fff6c24                __END_BSS = .
                0x1fff6c24                PROVIDE (__bss_end__ = __END_BSS)
                0x0002c2e8                _romp_at = (___ROM_AT + SIZEOF (.data))

.romp           0x1fff6c24       0x18 load address 0x0002c2e8
                0x0002c2e8                __S_romp = _romp_at
                0x1fff6c24        0x4 LONG 0x2b27c ___ROM_AT
                0x1fff6c28        0x4 LONG 0x1fff0008 _sdata
                0x1fff6c2c        0x4 LONG 0x106c ___data_size
                0x1fff6c30        0x4 LONG 0x0
                0x1fff6c34        0x4 LONG 0x0
                0x1fff6c38        0x4 LONG 0x0

._user_heap_stack
                0x1fff6c3c      0x800 load address 0x0002c300
                0x1fff6c3c                . = ALIGN (0x4)
                [!provide]                PROVIDE (end = .)
                [!provide]                PROVIDE (_end = .)
                0x1fff6c3c                __heap_addr = .
                0x1fff703c                . = (. + __heap_size)
 *fill*         0x1fff6c3c      0x400 
                0x1fff743c                . = (. + __stack_size)
 *fill*         0x1fff703c      0x400 
                0x1fff743c                . = ALIGN (0x4)

.ARM.attributes
                0x00000000       0x2a
 *(.ARM.attributes)
 .ARM.attributes
                0x00000000       0x1e c:/program files (x86)/gnu arm embedded toolchain/9 2020-q2-update/bin/../lib/gcc/arm-none-eabi/9.3.1/thumb/v7e-m/nofp/crti.o
 .ARM.attributes
                0x0000001e       0x2e c:/program files (x86)/gnu arm embedded toolchain/9 2020-q2-update/bin/../lib/gcc/arm-none-eabi/9.3.1/thumb/v7e-m/nofp/crtbegin.o
 .ARM.attributes
                0x0000004c       0x21 _build_Landungsbruecke/startup.o
 .ARM.attributes